189.6.25.54 - - [19/Sep/2025:08:08:56 -0300] "GET /wp-json/elementor/v1/user-data/current-user?context=edit HTTP/3" 200 1974 "https://audicore.com.br/wp-admin/post.php?post=9&action=elementor" "Mozilla/5.0 (Windows NT 10.0; Win64; x64) AppleWebKit/537.36 (KHTML, like Gecko) Chrome/140.0.0.0 Safari/537.36"
189.6.25.54 - - [19/Sep/2025:08:08:56 -0300] "POST /wp-admin/admin-ajax.php HTTP/3" 200 100 "https://audicore.com.br/wp-admin/post.php?post=9&action=elementor" "Mozilla/5.0 (Windows NT 10.0; Win64; x64) AppleWebKit/537.36 (KHTML, like Gecko) Chrome/140.0.0.0 Safari/537.36"
189.6.25.54 - - [19/Sep/2025:08:08:56 -0300] "POST /wp-admin/admin-ajax.php HTTP/3" 200 106 "https://audicore.com.br/wp-admin/post.php?post=9&action=elementor" "Mozilla/5.0 (Windows NT 10.0; Win64; x64) AppleWebKit/537.36 (KHTML, like Gecko) Chrome/140.0.0.0 Safari/537.36"
189.6.25.54 - - [19/Sep/2025:08:08:57 -0300] "POST /wp-admin/admin-ajax.php HTTP/3" 200 100 "https://audicore.com.br/wp-admin/post.php?post=9&action=elementor" "Mozilla/5.0 (Windows NT 10.0; Win64; x64) AppleWebKit/537.36 (KHTML, like Gecko) Chrome/140.0.0.0 Safari/537.36"
189.6.25.54 - - [19/Sep/2025:08:08:57 -0300] "POST /wp-admin/admin-ajax.php HTTP/3" 200 2890 "https://audicore.com.br/wp-admin/post.php?post=9&action=elementor" "Mozilla/5.0 (Windows NT 10.0; Win64; x64) AppleWebKit/537.36 (KHTML, like Gecko) Chrome/140.0.0.0 Safari/537.36"
189.6.25.54 - - [19/Sep/2025:08:08:58 -0300] "GET /wp-content/plugins/elementor/assets/js/shared-editor-handlers.a182e3f9ce3b8b1e4b74.bundle.min.js HTTP/3" 200 585 "https://audicore.com.br/?elementor-preview=9&ver=1758280121" "Mozilla/5.0 (Windows NT 10.0; Win64; x64) AppleWebKit/537.36 (KHTML, like Gecko) Chrome/140.0.0.0 Safari/537.36"
189.6.25.54 - - [19/Sep/2025:08:08:58 -0300] "GET /wp-content/plugins/elementor/assets/js/container-editor-handlers.e7ee82232887ec8b73b7.bundle.min.js HTTP/3" 200 2752 "https://audicore.com.br/?elementor-preview=9&ver=1758280121" "Mozilla/5.0 (Windows NT 10.0; Win64; x64) AppleWebKit/537.36 (KHTML, like Gecko) Chrome/140.0.0.0 Safari/537.36"
189.6.25.54 - - [19/Sep/2025:08:09:15 -0300] "GET /wp-json/elementor/v1/checklist/user-progress HTTP/3" 200 614 "https://audicore.com.br/wp-admin/post.php?post=9&action=elementor" "Mozilla/5.0 (Windows NT 10.0; Win64; x64) AppleWebKit/537.36 (KHTML, like Gecko) Chrome/140.0.0.0 Safari/537.36"
189.6.25.54 - - [19/Sep/2025:08:09:18 -0300] "GET /wp-content/plugins/elementor-pro/assets/js/nav-menu.a23fbd67486c5bedf26c.bundle.min.js HTTP/3" 200 1739 "https://audicore.com.br/?elementor-preview=9&ver=1758280121" "Mozilla/5.0 (Windows NT 10.0; Win64; x64) AppleWebKit/537.36 (KHTML, like Gecko) Chrome/140.0.0.0 Safari/537.36"
189.6.25.54 - - [19/Sep/2025:08:09:28 -0300] "GET /wp-content/plugins/elementor/assets/lib/font-awesome/js/solid.js HTTP/3" 200 4365 "https://audicore.com.br/wp-admin/post.php?post=9&action=elementor" "Mozilla/5.0 (Windows NT 10.0; Win64; x64) AppleWebKit/537.36 (KHTML, like Gecko) Chrome/140.0.0.0 Safari/537.36"
177.154.191.152 - - [19/Sep/2025:08:08:29 -0300] "GET /home/ HTTP/1.1" 301 0 "-" "WP Rocket/Preload"
177.154.191.152 - - [19/Sep/2025:08:08:32 -0300] "GET /home/ HTTP/1.1" 301 0 "-" "WP Rocket/Preload Mozilla/5.0 (iPhone; CPU iPhone OS 9_1 like Mac OS X) AppleWebKit/601.1.46 (KHTML, like Gecko) Version/9.0 Mobile/13B143 Safari/601.1"
189.6.25.54 - - [19/Sep/2025:08:10:15 -0300] "POST /wp-admin/admin-ajax.php HTTP/3" 200 198 "https://audicore.com.br/wp-admin/post.php?post=9&action=elementor" "Mozilla/5.0 (Windows NT 10.0; Win64; x64) AppleWebKit/537.36 (KHTML, like Gecko) Chrome/140.0.0.0 Safari/537.36"
177.154.191.152 - - [19/Sep/2025:08:11:29 -0300] "POST /wp-cron.php?doing_wp_cron=1758280289.5999939441680908203125 HTTP/1.1" 200 0 "-" "WordPress/6.8.2; https://audicore.com.br"
177.154.191.152 - - [19/Sep/2025:08:13:57 -0300] "POST /wp-cron.php?doing_wp_cron=1758280437.0533680915832519531250 HTTP/1.1" 200 0 "-" "WordPress/6.8.2; https://audicore.com.br"
177.154.191.152 - - [19/Sep/2025:08:13:57 -0300] "POST /wp-cron.php?doing_wp_cron=1758280437.0533370971679687500000 HTTP/1.1" 200 0 "-" "WordPress/6.8.2; https://audicore.com.br"
189.6.25.54 - - [19/Sep/2025:08:13:28 -0300] "GET /wp-content/plugins/elementor/assets/lib/font-awesome/webfonts/fa-solid-900.woff2 HTTP/3" 200 78196 "https://audicore.com.br/wp-content/plugins/elementor/assets/lib/font-awesome/css/solid.min.css?ver=5.15.3" "Mozilla/5.0 (Windows NT 10.0; Win64; x64) AppleWebKit/537.36 (KHTML, like Gecko) Chrome/140.0.0.0 Safari/537.36"
189.6.25.54 - - [19/Sep/2025:08:13:56 -0300] "GET /wp-json/elementor/v1/checklist/user-progress HTTP/3" 200 614 "https://audicore.com.br/wp-admin/post.php?post=9&action=elementor" "Mozilla/5.0 (Windows NT 10.0; Win64; x64) AppleWebKit/537.36 (KHTML, like Gecko) Chrome/140.0.0.0 Safari/537.36"
189.6.25.54 - - [19/Sep/2025:08:13:56 -0300] "POST /wp-json/rankmath/v1/updateMeta?_locale=user HTTP/3" 200 391 "https://audicore.com.br/wp-admin/post.php?post=9&action=elementor" "Mozilla/5.0 (Windows NT 10.0; Win64; x64) AppleWebKit/537.36 (KHTML, like Gecko) Chrome/140.0.0.0 Safari/537.36"
189.6.25.54 - - [19/Sep/2025:08:13:56 -0300] "POST /wp-admin/admin-ajax.php HTTP/3" 200 725 "https://audicore.com.br/wp-admin/post.php?post=9&action=elementor" "Mozilla/5.0 (Windows NT 10.0; Win64; x64) AppleWebKit/537.36 (KHTML, like Gecko) Chrome/140.0.0.0 Safari/537.36"
189.6.25.54 - - [19/Sep/2025:08:13:58 -0300] "GET /wp-json/elementor/v1/checklist/user-progress HTTP/3" 200 614 "https://audicore.com.br/wp-admin/post.php?post=9&action=elementor" "Mozilla/5.0 (Windows NT 10.0; Win64; x64) AppleWebKit/537.36 (KHTML, like Gecko) Chrome/140.0.0.0 Safari/537.36"
189.6.25.54 - - [19/Sep/2025:08:13:58 -0300] "POST /wp-admin/admin-ajax.php HTTP/3" 200 39124 "https://audicore.com.br/wp-admin/post.php?post=9&action=elementor" "Mozilla/5.0 (Windows NT 10.0; Win64; x64) AppleWebKit/537.36 (KHTML, like Gecko) Chrome/140.0.0.0 Safari/537.36"
189.6.25.54 - - [19/Sep/2025:08:13:58 -0300] "POST /wp-admin/admin-ajax.php HTTP/3" 200 77 "https://audicore.com.br/wp-admin/post.php?post=9&action=elementor" "Mozilla/5.0 (Windows NT 10.0; Win64; x64) AppleWebKit/537.36 (KHTML, like Gecko) Chrome/140.0.0.0 Safari/537.36"
189.6.25.54 - - [19/Sep/2025:08:13:58 -0300] "GET /wp-json/elementor/v1/user-data/current-user?context=edit HTTP/3" 200 1974 "https://audicore.com.br/wp-admin/post.php?post=9&action=elementor" "Mozilla/5.0 (Windows NT 10.0; Win64; x64) AppleWebKit/537.36 (KHTML, like Gecko) Chrome/140.0.0.0 Safari/537.36"
189.6.25.54 - - [19/Sep/2025:08:13:59 -0300] "POST /wp-admin/admin-ajax.php HTTP/3" 200 16 "https://audicore.com.br/wp-admin/post.php?post=9&action=elementor" "Mozilla/5.0 (Windows NT 10.0; Win64; x64) AppleWebKit/537.36 (KHTML, like Gecko) Chrome/140.0.0.0 Safari/537.36"
189.6.25.54 - - [19/Sep/2025:08:13:59 -0300] "GET /wp-json/elementor/v1/checklist/user-progress HTTP/3" 200 614 "https://audicore.com.br/wp-admin/post.php?post=9&action=elementor&active-document=6" "Mozilla/5.0 (Windows NT 10.0; Win64; x64) AppleWebKit/537.36 (KHTML, like Gecko) Chrome/140.0.0.0 Safari/537.36"
189.6.25.54 - - [19/Sep/2025:08:14:18 -0300] "GET /wp-json/elementor/v1/checklist/user-progress HTTP/3" 200 614 "https://audicore.com.br/wp-admin/post.php?post=9&action=elementor&active-document=6" "Mozilla/5.0 (Windows NT 10.0; Win64; x64) AppleWebKit/537.36 (KHTML, like Gecko) Chrome/140.0.0.0 Safari/537.36"
177.154.191.152 - - [19/Sep/2025:08:14:18 -0300] "POST /wp-cron.php?doing_wp_cron=1758280458.8588089942932128906250 HTTP/1.1" 200 0 "-" "WordPress/6.8.2; https://audicore.com.br"
177.154.191.152 - - [19/Sep/2025:08:07:55 -0300] "POST /wp-cron.php?doing_wp_cron=1758280075.6653149127960205078125 HTTP/1.1" 200 0 "-" "WordPress/6.8.2; https://audicore.com.br"
189.6.25.54 - - [19/Sep/2025:08:07:54 -0300] "GET /wp-admin/profile.php HTTP/3" 302 0 "-" "Mozilla/5.0 (Windows NT 10.0; Win64; x64) AppleWebKit/537.36 (KHTML, like Gecko) Chrome/140.0.0.0 Safari/537.36"
189.6.25.54 - - [19/Sep/2025:08:07:55 -0300] "GET /wp-login.php?redirect_to=https%3A%2F%2Faudicore.com.br%2Fwp-admin%2Fprofile.php&reauth=1 HTTP/3" 200 2889 "-" "Mozilla/5.0 (Windows NT 10.0; Win64; x64) AppleWebKit/537.36 (KHTML, like Gecko) Chrome/140.0.0.0 Safari/537.36"
189.6.25.54 - - [19/Sep/2025:08:08:29 -0300] "GET /sapp-wp-signon.php?pass=jnuywmbhb8anojwrdh6swqigsdxuac30 HTTP/2" 302 0 "https://br.leia7410.com.br:2083/" "Mozilla/5.0 (Windows NT 10.0; Win64; x64) AppleWebKit/537.36 (KHTML, like Gecko) Chrome/140.0.0.0 Safari/537.36"
177.154.191.152 - - [19/Sep/2025:08:08:30 -0300] "GET / HTTP/1.1" 200 21520 "-" "WP Rocket/Preload"
177.154.191.152 - - [19/Sep/2025:08:10:15 -0300] "POST /wp-cron.php?doing_wp_cron=1758280215.5877370834350585937500 HTTP/1.1" 200 0 "-" "WordPress/6.8.2; https://audicore.com.br"
177.154.191.152 - - [19/Sep/2025:08:11:17 -0300] "POST /wp-cron.php?doing_wp_cron=1758280277.0793340206146240234375 HTTP/1.1" 200 0 "-" "WordPress/6.8.2; https://audicore.com.br"
177.154.191.152 - - [19/Sep/2025:08:12:13 -0300] "POST /wp-cron.php?doing_wp_cron=1758280333.6978070735931396484375 HTTP/1.1" 200 0 "-" "WordPress/6.8.2; https://audicore.com.br"
177.154.191.152 - - [19/Sep/2025:08:12:46 -0300] "POST /wp-cron.php?doing_wp_cron=1758280366.1111199855804443359375 HTTP/1.1" 200 0 "-" "WordPress/6.8.2; https://audicore.com.br"
189.6.25.54 - - [19/Sep/2025:08:12:45 -0300] "POST /wp-admin/admin-ajax.php HTTP/3" 200 77 "https://audicore.com.br/wp-admin/post.php?post=9&action=elementor" "Mozilla/5.0 (Windows NT 10.0; Win64; x64) AppleWebKit/537.36 (KHTML, like Gecko) Chrome/140.0.0.0 Safari/537.36"
189.6.25.54 - - [19/Sep/2025:08:12:48 -0300] "GET /wp-json/elementor/v1/checklist/user-progress HTTP/3" 200 614 "https://audicore.com.br/wp-admin/post.php?post=9&action=elementor" "Mozilla/5.0 (Windows NT 10.0; Win64; x64) AppleWebKit/537.36 (KHTML, like Gecko) Chrome/140.0.0.0 Safari/537.36"
189.6.25.54 - - [19/Sep/2025:08:12:48 -0300] "POST /wp-json/rankmath/v1/updateMeta?_locale=user HTTP/3" 200 391 "https://audicore.com.br/wp-admin/post.php?post=9&action=elementor" "Mozilla/5.0 (Windows NT 10.0; Win64; x64) AppleWebKit/537.36 (KHTML, like Gecko) Chrome/140.0.0.0 Safari/537.36"
189.6.25.54 - - [19/Sep/2025:08:12:48 -0300] "POST /wp-admin/admin-ajax.php HTTP/3" 200 726 "https://audicore.com.br/wp-admin/post.php?post=9&action=elementor" "Mozilla/5.0 (Windows NT 10.0; Win64; x64) AppleWebKit/537.36 (KHTML, like Gecko) Chrome/140.0.0.0 Safari/537.36"
189.6.25.54 - - [19/Sep/2025:08:12:50 -0300] "GET /wp-json/elementor/v1/checklist/user-progress HTTP/3" 200 614 "https://audicore.com.br/wp-admin/post.php?post=9&action=elementor" "Mozilla/5.0 (Windows NT 10.0; Win64; x64) AppleWebKit/537.36 (KHTML, like Gecko) Chrome/140.0.0.0 Safari/537.36"
189.6.25.54 - - [19/Sep/2025:08:12:51 -0300] "POST /wp-admin/admin-ajax.php HTTP/3" 200 1030 "https://audicore.com.br/wp-admin/post.php?post=9&action=elementor" "Mozilla/5.0 (Windows NT 10.0; Win64; x64) AppleWebKit/537.36 (KHTML, like Gecko) Chrome/140.0.0.0 Safari/537.36"
189.6.25.54 - - [19/Sep/2025:08:09:28 -0300] "GET /wp-content/plugins/elementor/assets/lib/font-awesome/js/regular.js HTTP/3" 200 720 "https://audicore.com.br/wp-admin/post.php?post=9&action=elementor" "Mozilla/5.0 (Windows NT 10.0; Win64; x64) AppleWebKit/537.36 (KHTML, like Gecko) Chrome/140.0.0.0 Safari/537.36"
189.6.25.54 - - [19/Sep/2025:08:09:28 -0300] "GET /wp-content/plugins/elementor/assets/lib/font-awesome/js/brands.js HTTP/3" 200 2243 "https://audicore.com.br/wp-admin/post.php?post=9&action=elementor" "Mozilla/5.0 (Windows NT 10.0; Win64; x64) AppleWebKit/537.36 (KHTML, like Gecko) Chrome/140.0.0.0 Safari/537.36"
189.6.25.54 - - [19/Sep/2025:08:09:28 -0300] "GET /wp-content/plugins/elementor/assets/lib/font-awesome/webfonts/fa-brands-400.woff2 HTTP/3" 200 81612 "https://audicore.com.br/wp-content/plugins/elementor/assets/lib/font-awesome/css/brands.min.css?ver=5.15.3" "Mozilla/5.0 (Windows NT 10.0; Win64; x64) AppleWebKit/537.36 (KHTML, like Gecko) Chrome/140.0.0.0 Safari/537.36"
177.154.191.152 - - [19/Sep/2025:08:10:45 -0300] "POST /wp-cron.php?doing_wp_cron=1758280245.9857370853424072265625 HTTP/1.1" 200 0 "-" "WordPress/6.8.2; https://audicore.com.br"
189.6.25.54 - - [19/Sep/2025:08:10:45 -0300] "POST /wp-admin/admin-ajax.php HTTP/2" 200 77 "https://audicore.com.br/wp-admin/post.php?post=9&action=elementor" "Mozilla/5.0 (Windows NT 10.0; Win64; x64) AppleWebKit/537.36 (KHTML, like Gecko) Chrome/140.0.0.0 Safari/537.36"
189.6.25.54 - - [19/Sep/2025:08:11:16 -0300] "POST /wp-admin/admin-ajax.php HTTP/2" 200 198 "https://audicore.com.br/wp-admin/post.php?post=9&action=elementor" "Mozilla/5.0 (Windows NT 10.0; Win64; x64) AppleWebKit/537.36 (KHTML, like Gecko) Chrome/140.0.0.0 Safari/537.36"
189.6.25.54 - - [19/Sep/2025:08:11:29 -0300] "POST /wp-admin/admin-ajax.php HTTP/3" 200 130 "https://audicore.com.br/wp-admin/post.php?post=9&action=elementor" "Mozilla/5.0 (Windows NT 10.0; Win64; x64) AppleWebKit/537.36 (KHTML, like Gecko) Chrome/140.0.0.0 Safari/537.36"
189.6.25.54 - - [19/Sep/2025:08:11:33 -0300] "GET / HTTP/3" 200 27369 "https://audicore.com.br/?elementor-preview=9&ver=1758280121" "Mozilla/5.0 (Windows NT 10.0; Win64; x64) AppleWebKit/537.36 (KHTML, like Gecko) Chrome/140.0.0.0 Safari/537.36"
189.6.25.54 - - [19/Sep/2025:08:11:48 -0300] "POST /wp-admin/admin-ajax.php HTTP/3" 200 108 "https://audicore.com.br/wp-admin/post.php?post=9&action=elementor" "Mozilla/5.0 (Windows NT 10.0; Win64; x64) AppleWebKit/537.36 (KHTML, like Gecko) Chrome/140.0.0.0 Safari/537.36"
189.6.25.54 - - [19/Sep/2025:08:12:13 -0300] "POST /wp-admin/admin-ajax.php HTTP/3" 200 791 "https://audicore.com.br/wp-admin/post.php?post=9&action=elementor" "Mozilla/5.0 (Windows NT 10.0; Win64; x64) AppleWebKit/537.36 (KHTML, like Gecko) Chrome/140.0.0.0 Safari/537.36"
189.6.25.54 - - [19/Sep/2025:08:14:43 -0300] "GET /wp-content/uploads/2025/09/cropped-LOGOSITEPRONTA.png HTTP/3" 200 21683 "https://audicore.com.br/wp-admin/post.php?post=9&action=elementor&active-document=6" "Mozilla/5.0 (Windows NT 10.0; Win64; x64) AppleWebKit/537.36 (KHTML, like Gecko) Chrome/140.0.0.0 Safari/537.36"
189.6.25.54 - - [19/Sep/2025:08:14:43 -0300] "POST /wp-admin/admin-ajax.php HTTP/3" 200 2271 "https://audicore.com.br/wp-admin/post.php?post=9&action=elementor&active-document=6" "Mozilla/5.0 (Windows NT 10.0; Win64; x64) AppleWebKit/537.36 (KHTML, like Gecko) Chrome/140.0.0.0 Safari/537.36"
189.6.25.54 - - [19/Sep/2025:08:14:43 -0300] "POST /wp-admin/admin-ajax.php HTTP/3" 200 2271 "https://audicore.com.br/wp-admin/post.php?post=9&action=elementor&active-document=6" "Mozilla/5.0 (Windows NT 10.0; Win64; x64) AppleWebKit/537.36 (KHTML, like Gecko) Chrome/140.0.0.0 Safari/537.36"
189.6.25.54 - - [19/Sep/2025:08:14:55 -0300] "POST /wp-json/rankmath/v1/updateMeta?_locale=user HTTP/3" 400 133 "https://audicore.com.br/wp-admin/post.php?post=9&action=elementor&active-document=6" "Mozilla/5.0 (Windows NT 10.0; Win64; x64) AppleWebKit/537.36 (KHTML, like Gecko) Chrome/140.0.0.0 Safari/537.36"
189.6.25.54 - - [19/Sep/2025:08:14:56 -0300] "GET /wp-json/elementor/v1/checklist/user-progress HTTP/3" 200 614 "https://audicore.com.br/wp-admin/post.php?post=9&action=elementor&active-document=6" "Mozilla/5.0 (Windows NT 10.0; Win64; x64) AppleWebKit/537.36 (KHTML, like Gecko) Chrome/140.0.0.0 Safari/537.36"
189.6.25.54 - - [19/Sep/2025:08:14:56 -0300] "POST /wp-admin/admin-ajax.php HTTP/3" 200 583 "https://audicore.com.br/wp-admin/post.php?post=9&action=elementor&active-document=6" "Mozilla/5.0 (Windows NT 10.0; Win64; x64) AppleWebKit/537.36 (KHTML, like Gecko) Chrome/140.0.0.0 Safari/537.36"
177.154.191.152 - - [19/Sep/2025:08:14:57 -0300] "POST /wp-cron.php?doing_wp_cron=1758280497.6989359855651855468750 HTTP/1.1" 200 0 "-" "WordPress/6.8.2; https://audicore.com.br"
189.6.25.54 - - [19/Sep/2025:08:14:57 -0300] "GET /wp-json/elementor/v1/checklist/user-progress HTTP/3" 200 614 "https://audicore.com.br/wp-admin/post.php?post=9&action=elementor&active-document=6" "Mozilla/5.0 (Windows NT 10.0; Win64; x64) AppleWebKit/537.36 (KHTML, like Gecko) Chrome/140.0.0.0 Safari/537.36"
177.154.191.152 - - [19/Sep/2025:08:14:58 -0300] "GET /2025/08/15/hello-world/ HTTP/1.1" 200 9447 "-" "WP Rocket/Preload"
189.6.25.54 - - [19/Sep/2025:08:15:02 -0300] "POST /wp-admin/admin-ajax.php HTTP/3" 200 96 "https://audicore.com.br/wp-admin/post.php?post=9&action=elementor&active-document=6" "Mozilla/5.0 (Windows NT 10.0; Win64; x64) AppleWebKit/537.36 (KHTML, like Gecko) Chrome/140.0.0.0 Safari/537.36"
177.154.191.152 - - [19/Sep/2025:08:15:02 -0300] "GET /sample-page/ HTTP/1.1" 200 10375 "-" "WP Rocket/Preload Mozilla/5.0 (iPhone; CPU iPhone OS 9_1 like Mac OS X) AppleWebKit/601.1.46 (KHTML, like Gecko) Version/9.0 Mobile/13B143 Safari/601.1"
189.6.25.54 - - [19/Sep/2025:08:14:58 -0300] "POST /wp-admin/admin-ajax.php HTTP/3" 200 500 "https://audicore.com.br/wp-admin/post.php?post=9&action=elementor&active-document=6" "Mozilla/5.0 (Windows NT 10.0; Win64; x64) AppleWebKit/537.36 (KHTML, like Gecko) Chrome/140.0.0.0 Safari/537.36"
177.154.191.152 - - [19/Sep/2025:08:15:03 -0300] "GET /category/uncategorized/ HTTP/1.1" 200 7618 "-" "WP Rocket/Preload"
177.154.191.152 - - [19/Sep/2025:08:15:06 -0300] "GET /author/turbowp/ HTTP/1.1" 200 7719 "-" "WP Rocket/Preload Mozilla/5.0 (iPhone; CPU iPhone OS 9_1 like Mac OS X) AppleWebKit/601.1.46 (KHTML, like Gecko) Version/9.0 Mobile/13B143 Safari/601.1"
177.154.191.152 - - [19/Sep/2025:08:15:08 -0300] "GET /home/ HTTP/1.1" 301 0 "-" "WP Rocket/Preload Mozilla/5.0 (iPhone; CPU iPhone OS 9_1 like Mac OS X) AppleWebKit/601.1.46 (KHTML, like Gecko) Version/9.0 Mobile/13B143 Safari/601.1"
189.6.25.54 - - [19/Sep/2025:08:15:16 -0300] "GET /wp-content/plugins/elementor/assets/css/app.min.css?ver=3.31.3 HTTP/3" 200 12957 "https://audicore.com.br/wp-admin/admin.php?page=elementor-app&ver=3.31.3" "Mozilla/5.0 (Windows NT 10.0; Win64; x64) AppleWebKit/537.36 (KHTML, like Gecko) Chrome/140.0.0.0 Safari/537.36"
189.6.25.54 - - [19/Sep/2025:08:15:16 -0300] "GET /wp-content/plugins/elementor-pro/assets/css/app.min.css?ver=3.31.3 HTTP/3" 200 1750 "https://audicore.com.br/wp-admin/admin.php?page=elementor-app&ver=3.31.3" "Mozilla/5.0 (Windows NT 10.0; Win64; x64) AppleWebKit/537.36 (KHTML, like Gecko) Chrome/140.0.0.0 Safari/537.36"
189.6.25.54 - - [19/Sep/2025:08:15:15 -0300] "GET /wp-admin/admin.php?page=elementor-app&ver=3.31.3 HTTP/3" 200 42418 "https://audicore.com.br/wp-admin/post.php?post=9&action=elementor&active-document=6" "Mozilla/5.0 (Windows NT 10.0; Win64; x64) AppleWebKit/537.36 (KHTML, like Gecko) Chrome/140.0.0.0 Safari/537.36"
189.6.25.54 - - [19/Sep/2025:08:15:16 -0300] "GET /wp-admin/load-scripts.php?c=1&load%5Bchunk_0%5D=jquery-core,jquery-migrate,hoverIntent,utils,wp-dom-ready,wp-hooks&ver=6.8.2 HTTP/3" 200 38213 "https://audicore.com.br/wp-admin/admin.php?page=elementor-app&ver=3.31.3" "Mozilla/5.0 (Windows NT 10.0; Win64; x64) AppleWebKit/537.36 (KHTML, like Gecko) Chrome/140.0.0.0 Safari/537.36"
189.6.25.54 - - [19/Sep/2025:08:15:16 -0300] "GET /wp-content/plugins/elementor/assets/js/app-packages.min.js?ver=3.31.3 HTTP/3" 200 27295 "https://audicore.com.br/wp-admin/admin.php?page=elementor-app&ver=3.31.3" "Mozilla/5.0 (Windows NT 10.0; Win64; x64) AppleWebKit/537.36 (KHTML, like Gecko) Chrome/140.0.0.0 Safari/537.36"
189.6.25.54 - - [19/Sep/2025:08:15:16 -0300] "GET /wp-content/plugins/elementor-pro/assets/js/app.min.js?ver=3.31.2 HTTP/3" 200 23302 "https://audicore.com.br/wp-admin/admin.php?page=elementor-app&ver=3.31.3" "Mozilla/5.0 (Windows NT 10.0; Win64; x64) AppleWebKit/537.36 (KHTML, like Gecko) Chrome/140.0.0.0 Safari/537.36"
189.6.25.54 - - [19/Sep/2025:08:15:16 -0300] "GET /wp-content/plugins/elementor/assets/js/app.min.js?ver=3.31.3 HTTP/3" 200 91038 "https://audicore.com.br/wp-admin/admin.php?page=elementor-app&ver=3.31.3" "Mozilla/5.0 (Windows NT 10.0; Win64; x64) AppleWebKit/537.36 (KHTML, like Gecko) Chrome/140.0.0.0 Safari/537.36"
189.6.25.54 - - [19/Sep/2025:08:15:17 -0300] "POST /wp-admin/admin-ajax.php HTTP/3" 200 1959 "https://audicore.com.br/wp-admin/admin.php?page=elementor-app&ver=3.31.3" "Mozilla/5.0 (Windows NT 10.0; Win64; x64) AppleWebKit/537.36 (KHTML, like Gecko) Chrome/140.0.0.0 Safari/537.36"
189.6.25.54 - - [19/Sep/2025:08:15:17 -0300] "GET /wp-json/elementor/v1/site-editor/templates HTTP/3" 200 2 "https://audicore.com.br/wp-admin/admin.php?page=elementor-app&ver=3.31.3" "Mozilla/5.0 (Windows NT 10.0; Win64; x64) AppleWebKit/537.36 (KHTML, like Gecko) Chrome/140.0.0.0 Safari/537.36"
189.6.25.54 - - [19/Sep/2025:08:15:18 -0300] "GET /wp-content/plugins/elementor/assets/images/app/site-editor/error-404.svg HTTP/3" 200 11549 "https://audicore.com.br/wp-admin/admin.php?page=elementor-app&ver=3.31.3" "Mozilla/5.0 (Windows NT 10.0; Win64; x64) AppleWebKit/537.36 (KHTML, like Gecko) Chrome/140.0.0.0 Safari/537.36"
189.6.25.54 - - [19/Sep/2025:08:15:18 -0300] "GET /wp-content/plugins/elementor/assets/images/app/site-editor/search-results.svg HTTP/3" 200 23805 "https://audicore.com.br/wp-admin/admin.php?page=elementor-app&ver=3.31.3" "Mozilla/5.0 (Windows NT 10.0; Win64; x64) AppleWebKit/537.36 (KHTML, like Gecko) Chrome/140.0.0.0 Safari/537.36"
189.6.25.54 - - [19/Sep/2025:08:15:18 -0300] "GET /wp-content/plugins/elementor/assets/images/app/site-editor/single-post.svg HTTP/3" 200 10015 "https://audicore.com.br/wp-admin/admin.php?page=elementor-app&ver=3.31.3" "Mozilla/5.0 (Windows NT 10.0; Win64; x64) AppleWebKit/537.36 (KHTML, like Gecko) Chrome/140.0.0.0 Safari/537.36"
189.6.25.54 - - [19/Sep/2025:08:15:18 -0300] "GET /wp-content/plugins/elementor/assets/images/app/site-editor/footer.svg HTTP/3" 200 4327 "https://audicore.com.br/wp-admin/admin.php?page=elementor-app&ver=3.31.3" "Mozilla/5.0 (Windows NT 10.0; Win64; x64) AppleWebKit/537.36 (KHTML, like Gecko) Chrome/140.0.0.0 Safari/537.36"
189.6.25.54 - - [19/Sep/2025:08:15:18 -0300] "GET /wp-content/plugins/elementor/assets/images/app/site-editor/header.svg HTTP/3" 200 6895 "https://audicore.com.br/wp-admin/admin.php?page=elementor-app&ver=3.31.3" "Mozilla/5.0 (Windows NT 10.0; Win64; x64) AppleWebKit/537.36 (KHTML, like Gecko) Chrome/140.0.0.0 Safari/537.36"
189.6.25.54 - - [19/Sep/2025:08:15:18 -0300] "GET /wp-content/plugins/elementor/assets/images/app/site-editor/single-page.svg HTTP/3" 200 7867 "https://audicore.com.br/wp-admin/admin.php?page=elementor-app&ver=3.31.3" "Mozilla/5.0 (Windows NT 10.0; Win64; x64) AppleWebKit/537.36 (KHTML, like Gecko) Chrome/140.0.0.0 Safari/537.36"
189.6.25.54 - - [19/Sep/2025:08:15:18 -0300] "GET /wp-content/plugins/elementor-pro/modules/loop-builder/assets/images/loop-item.svg HTTP/3" 200 21176 "https://audicore.com.br/wp-admin/admin.php?page=elementor-app&ver=3.31.3" "Mozilla/5.0 (Windows NT 10.0; Win64; x64) AppleWebKit/537.36 (KHTML, like Gecko) Chrome/140.0.0.0 Safari/537.36"
189.6.25.54 - - [19/Sep/2025:08:15:18 -0300] "GET /wp-content/plugins/elementor/assets/images/app/site-editor/archive.svg HTTP/3" 200 16399 "https://audicore.com.br/wp-admin/admin.php?page=elementor-app&ver=3.31.3" "Mozilla/5.0 (Windows NT 10.0; Win64; x64) AppleWebKit/537.36 (KHTML, like Gecko) Chrome/140.0.0.0 Safari/537.36"
189.6.25.54 - - [19/Sep/2025:08:15:17 -0300] "GET /wp-json/elementor/v1/checklist/user-progress HTTP/3" 200 614 "https://audicore.com.br/wp-admin/post.php?post=9&action=elementor&active-document=6" "Mozilla/5.0 (Windows NT 10.0; Win64; x64) AppleWebKit/537.36 (KHTML, like Gecko) Chrome/140.0.0.0 Safari/537.36"
189.6.25.54 - - [19/Sep/2025:08:15:18 -0300] "GET /wp-admin/edit.php?post_type=page HTTP/3" 200 38386 "https://audicore.com.br/wp-admin/" "Mozilla/5.0 (Windows NT 10.0; Win64; x64) AppleWebKit/537.36 (KHTML, like Gecko) Chrome/140.0.0.0 Safari/537.36"
189.6.25.54 - - [19/Sep/2025:08:15:36 -0300] "GET /wp-admin/edit.php?post_type=page HTTP/3" 200 38223 "https://audicore.com.br/wp-admin/edit.php?post_type=page" "Mozilla/5.0 (Windows NT 10.0; Win64; x64) AppleWebKit/537.36 (KHTML, like Gecko) Chrome/140.0.0.0 Safari/537.36"
189.6.25.54 - - [19/Sep/2025:08:15:38 -0300] "GET /wp-admin/post.php?post=9&action=elementor HTTP/3" 200 388193 "https://audicore.com.br/wp-admin/edit.php?post_type=page" "Mozilla/5.0 (Windows NT 10.0; Win64; x64) AppleWebKit/537.36 (KHTML, like Gecko) Chrome/140.0.0.0 Safari/537.36"
189.6.25.54 - - [19/Sep/2025:08:15:40 -0300] "GET /wp-json/elementor/v1/global-widget/templates HTTP/3" 200 2 "https://audicore.com.br/wp-admin/post.php?post=9&action=elementor" "Mozilla/5.0 (Windows NT 10.0; Win64; x64) AppleWebKit/537.36 (KHTML, like Gecko) Chrome/140.0.0.0 Safari/537.36"
189.6.25.54 - - [19/Sep/2025:08:15:40 -0300] "GET /wp-json/elementor/v1/site-navigation/recent-posts?posts_per_page=6&_locale=user HTTP/3" 200 1251 "https://audicore.com.br/wp-admin/post.php?post=9&action=elementor" "Mozilla/5.0 (Windows NT 10.0; Win64; x64) AppleWebKit/537.36 (KHTML, like Gecko) Chrome/140.0.0.0 Safari/537.36"
189.6.25.54 - - [19/Sep/2025:08:15:40 -0300] "GET /wp-json/elementor/v1/checklist/user-progress HTTP/3" 200 614 "https://audicore.com.br/wp-admin/post.php?post=9&action=elementor" "Mozilla/5.0 (Windows NT 10.0; Win64; x64) AppleWebKit/537.36 (KHTML, like Gecko) Chrome/140.0.0.0 Safari/537.36"
189.6.25.54 - - [19/Sep/2025:08:15:40 -0300] "POST /wp-admin/admin-ajax.php HTTP/3" 200 77 "https://audicore.com.br/wp-admin/post.php?post=9&action=elementor" "Mozilla/5.0 (Windows NT 10.0; Win64; x64) AppleWebKit/537.36 (KHTML, like Gecko) Chrome/140.0.0.0 Safari/537.36"
177.154.191.152 - - [19/Sep/2025:08:15:04 -0300] "GET /category/uncategorized/ HTTP/1.1" 200 7615 "-" "WP Rocket/Preload Mozilla/5.0 (iPhone; CPU iPhone OS 9_1 like Mac OS X) AppleWebKit/601.1.46 (KHTML, like Gecko) Version/9.0 Mobile/13B143 Safari/601.1"
177.154.191.152 - - [19/Sep/2025:08:15:18 -0300] "POST /wp-cron.php?doing_wp_cron=1758280518.0822129249572753906250 HTTP/1.1" 200 0 "-" "WordPress/6.8.2; https://audicore.com.br"
189.6.25.54 - - [19/Sep/2025:08:16:40 -0300] "GET /wp-json/elementor/v1/checklist/user-progress HTTP/2" 200 614 "https://audicore.com.br/wp-admin/post.php?post=9&action=elementor" "Mozilla/5.0 (Windows NT 10.0; Win64; x64) AppleWebKit/537.36 (KHTML, like Gecko) Chrome/140.0.0.0 Safari/537.36"
189.6.25.54 - - [19/Sep/2025:08:16:58 -0300] "POST /wp-admin/admin-ajax.php HTTP/2" 200 97 "https://audicore.com.br/wp-admin/post.php?post=9&action=elementor" "Mozilla/5.0 (Windows NT 10.0; Win64; x64) AppleWebKit/537.36 (KHTML, like Gecko) Chrome/140.0.0.0 Safari/537.36"
189.6.25.54 - - [19/Sep/2025:08:17:29 -0300] "GET /wp-json/elementor/v1/checklist/user-progress HTTP/2" 200 614 "https://audicore.com.br/wp-admin/post.php?post=9&action=elementor" "Mozilla/5.0 (Windows NT 10.0; Win64; x64) AppleWebKit/537.36 (KHTML, like Gecko) Chrome/140.0.0.0 Safari/537.36"
189.6.25.54 - - [19/Sep/2025:08:17:29 -0300] "POST /wp-json/rankmath/v1/updateMeta?_locale=user HTTP/2" 200 391 "https://audicore.com.br/wp-admin/post.php?post=9&action=elementor" "Mozilla/5.0 (Windows NT 10.0; Win64; x64) AppleWebKit/537.36 (KHTML, like Gecko) Chrome/140.0.0.0 Safari/537.36"
189.6.25.54 - - [19/Sep/2025:08:17:29 -0300] "POST /wp-admin/admin-ajax.php HTTP/2" 200 672 "https://audicore.com.br/wp-admin/post.php?post=9&action=elementor" "Mozilla/5.0 (Windows NT 10.0; Win64; x64) AppleWebKit/537.36 (KHTML, like Gecko) Chrome/140.0.0.0 Safari/537.36"
189.6.25.54 - - [19/Sep/2025:08:17:32 -0300] "GET /wp-json/elementor/v1/checklist/user-progress HTTP/2" 200 614 "https://audicore.com.br/wp-admin/post.php?post=9&action=elementor" "Mozilla/5.0 (Windows NT 10.0; Win64; x64) AppleWebKit/537.36 (KHTML, like Gecko) Chrome/140.0.0.0 Safari/537.36"
189.6.25.54 - - [19/Sep/2025:08:17:32 -0300] "POST /wp-admin/admin-ajax.php HTTP/2" 200 999 "https://audicore.com.br/wp-admin/post.php?post=9&action=elementor" "Mozilla/5.0 (Windows NT 10.0; Win64; x64) AppleWebKit/537.36 (KHTML, like Gecko) Chrome/140.0.0.0 Safari/537.36"
189.6.25.54 - - [19/Sep/2025:08:17:34 -0300] "GET /wp-content/uploads/elementor/css/post-9.css?ver=1758280654 HTTP/2" 200 7706 "https://audicore.com.br/" "Mozilla/5.0 (Windows NT 10.0; Win64; x64) AppleWebKit/537.36 (KHTML, like Gecko) Chrome/140.0.0.0 Safari/537.36"
189.6.25.54 - - [19/Sep/2025:08:17:33 -0300] "GET / HTTP/2" 200 26963 "-" "Mozilla/5.0 (Windows NT 10.0; Win64; x64) AppleWebKit/537.36 (KHTML, like Gecko) Chrome/140.0.0.0 Safari/537.36"
189.6.25.54 - - [19/Sep/2025:08:17:40 -0300] "POST /wp-admin/admin-ajax.php HTTP/2" 200 77 "https://audicore.com.br/wp-admin/post.php?post=9&action=elementor" "Mozilla/5.0 (Windows NT 10.0; Win64; x64) AppleWebKit/537.36 (KHTML, like Gecko) Chrome/140.0.0.0 Safari/537.36"
189.6.25.54 - - [19/Sep/2025:08:17:51 -0300] "GET /wp-content/uploads/elementor/google-fonts/fonts/inter-3ae5aba6.woff2 HTTP/2" 200 51832 "https://audicore.com.br/wp-content/uploads/elementor/google-fonts/css/inter.css?ver=1755302938" "Mozilla/5.0 (Windows NT 10.0; Win64; x64) AppleWebKit/537.36 (KHTML, like Gecko) Chrome/140.0.0.0 Safari/537.36"
189.6.25.54 - - [19/Sep/2025:08:17:51 -0300] "POST /wp-admin/admin-ajax.php HTTP/2" 200 176 "https://audicore.com.br/" "Mozilla/5.0 (Windows NT 10.0; Win64; x64) AppleWebKit/537.36 (KHTML, like Gecko) Chrome/140.0.0.0 Safari/537.36"
177.154.191.152 - - [19/Sep/2025:08:17:59 -0300] "POST /wp-cron.php?doing_wp_cron=1758280679.2601408958435058593750 HTTP/1.1" 200 0 "-" "WordPress/6.8.2; https://audicore.com.br"
189.6.25.54 - - [19/Sep/2025:08:15:40 -0300] "GET /wp-json/elementor/v1/kit-elements-defaults HTTP/3" 200 2 "https://audicore.com.br/wp-admin/post.php?post=9&action=elementor" "Mozilla/5.0 (Windows NT 10.0; Win64; x64) AppleWebKit/537.36 (KHTML, like Gecko) Chrome/140.0.0.0 Safari/537.36"
189.6.25.54 - - [19/Sep/2025:08:15:40 -0300] "GET /?elementor-preview=9&ver=1758280539 HTTP/3" 200 10758 "https://audicore.com.br/wp-admin/post.php?post=9&action=elementor" "Mozilla/5.0 (Windows NT 10.0; Win64; x64) AppleWebKit/537.36 (KHTML, like Gecko) Chrome/140.0.0.0 Safari/537.36"
189.6.25.54 - - [19/Sep/2025:08:15:41 -0300] "GET /wp-content/uploads/elementor/css/post-6.css?ver=1758280499 HTTP/3" 200 419 "https://audicore.com.br/?elementor-preview=9&ver=1758280539" "Mozilla/5.0 (Windows NT 10.0; Win64; x64) AppleWebKit/537.36 (KHTML, like Gecko) Chrome/140.0.0.0 Safari/537.36"
189.6.25.54 - - [19/Sep/2025:08:15:41 -0300] "GET /wp-json/elementor/v1/globals HTTP/3" 200 981 "https://audicore.com.br/wp-admin/post.php?post=9&action=elementor" "Mozilla/5.0 (Windows NT 10.0; Win64; x64) AppleWebKit/537.36 (KHTML, like Gecko) Chrome/140.0.0.0 Safari/537.36"
189.6.25.54 - - [19/Sep/2025:08:15:40 -0300] "POST /wp-admin/admin-ajax.php HTTP/3" 200 497826 "https://audicore.com.br/wp-admin/post.php?post=9&action=elementor" "Mozilla/5.0 (Windows NT 10.0; Win64; x64) AppleWebKit/537.36 (KHTML, like Gecko) Chrome/140.0.0.0 Safari/537.36"
189.6.25.54 - - [19/Sep/2025:08:15:42 -0300] "POST /wp-admin/admin-ajax.php HTTP/3" 200 84 "https://audicore.com.br/wp-admin/post.php?post=9&action=elementor" "Mozilla/5.0 (Windows NT 10.0; Win64; x64) AppleWebKit/537.36 (KHTML, like Gecko) Chrome/140.0.0.0 Safari/537.36"
189.6.25.54 - - [19/Sep/2025:08:15:43 -0300] "GET /wp-json/elementor/v1/user-data/current-user?context=edit HTTP/3" 200 2036 "https://audicore.com.br/wp-admin/post.php?post=9&action=elementor" "Mozilla/5.0 (Windows NT 10.0; Win64; x64) AppleWebKit/537.36 (KHTML, like Gecko) Chrome/140.0.0.0 Safari/537.36"
189.6.25.54 - - [19/Sep/2025:08:15:43 -0300] "POST /wp-admin/admin-ajax.php HTTP/3" 200 100 "https://audicore.com.br/wp-admin/post.php?post=9&action=elementor" "Mozilla/5.0 (Windows NT 10.0; Win64; x64) AppleWebKit/537.36 (KHTML, like Gecko) Chrome/140.0.0.0 Safari/537.36"
189.6.25.54 - - [19/Sep/2025:08:15:43 -0300] "POST /wp-admin/admin-ajax.php HTTP/3" 200 106 "https://audicore.com.br/wp-admin/post.php?post=9&action=elementor" "Mozilla/5.0 (Windows NT 10.0; Win64; x64) AppleWebKit/537.36 (KHTML, like Gecko) Chrome/140.0.0.0 Safari/537.36"
189.6.25.54 - - [19/Sep/2025:08:15:43 -0300] "POST /wp-admin/admin-ajax.php HTTP/3" 200 100 "https://audicore.com.br/wp-admin/post.php?post=9&action=elementor" "Mozilla/5.0 (Windows NT 10.0; Win64; x64) AppleWebKit/537.36 (KHTML, like Gecko) Chrome/140.0.0.0 Safari/537.36"
189.6.25.54 - - [19/Sep/2025:08:15:44 -0300] "POST /wp-admin/admin-ajax.php HTTP/3" 200 2890 "https://audicore.com.br/wp-admin/post.php?post=9&action=elementor" "Mozilla/5.0 (Windows NT 10.0; Win64; x64) AppleWebKit/537.36 (KHTML, like Gecko) Chrome/140.0.0.0 Safari/537.36"
189.6.25.54 - - [19/Sep/2025:08:15:45 -0300] "POST /wp-admin/admin-ajax.php HTTP/3" 200 108 "https://audicore.com.br/wp-admin/post.php?post=9&action=elementor" "Mozilla/5.0 (Windows NT 10.0; Win64; x64) AppleWebKit/537.36 (KHTML, like Gecko) Chrome/140.0.0.0 Safari/537.36"
177.154.191.152 - - [19/Sep/2025:08:16:40 -0300] "GET / HTTP/1.1" 200 21537 "-" "WP Rocket/Preload"
177.154.191.152 - - [19/Sep/2025:08:17:29 -0300] "POST /wp-cron.php?doing_wp_cron=1758280649.5923008918762207031250 HTTP/1.1" 200 0 "-" "WordPress/6.8.2; https://audicore.com.br"
189.6.25.54 - - [19/Sep/2025:08:17:58 -0300] "POST /wp-admin/admin-ajax.php HTTP/2" 200 71 "https://audicore.com.br/" "Mozilla/5.0 (Windows NT 10.0; Win64; x64) AppleWebKit/537.36 (KHTML, like Gecko) Chrome/140.0.0.0 Safari/537.36"
189.6.25.54 - - [19/Sep/2025:08:18:10 -0300] "GET /wp-json/elementor/v1/checklist/user-progress HTTP/2" 200 614 "https://audicore.com.br/wp-admin/post.php?post=9&action=elementor" "Mozilla/5.0 (Windows NT 10.0; Win64; x64) AppleWebKit/537.36 (KHTML, like Gecko) Chrome/140.0.0.0 Safari/537.36"
177.154.191.152 - - [19/Sep/2025:08:14:56 -0300] "POST /wp-cron.php?doing_wp_cron=1758280496.3862719535827636718750 HTTP/1.1" 200 0 "-" "WordPress/6.8.2; https://audicore.com.br"
177.154.191.152 - - [19/Sep/2025:08:14:56 -0300] "POST /wp-cron.php?doing_wp_cron=1758280496.3861539363861083984375 HTTP/1.1" 200 0 "-" "WordPress/6.8.2; https://audicore.com.br"
177.154.191.152 - - [19/Sep/2025:08:15:00 -0300] "GET /2025/08/15/hello-world/ HTTP/1.1" 200 9445 "-" "WP Rocket/Preload Mozilla/5.0 (iPhone; CPU iPhone OS 9_1 like Mac OS X) AppleWebKit/601.1.46 (KHTML, like Gecko) Version/9.0 Mobile/13B143 Safari/601.1"
177.154.191.152 - - [19/Sep/2025:08:15:01 -0300] "GET /sample-page/ HTTP/1.1" 200 10373 "-" "WP Rocket/Preload"
177.154.191.152 - - [19/Sep/2025:08:15:05 -0300] "GET /author/turbowp/ HTTP/1.1" 200 7721 "-" "WP Rocket/Preload"
177.154.191.152 - - [19/Sep/2025:08:15:07 -0300] "GET /home/ HTTP/1.1" 301 0 "-" "WP Rocket/Preload"
177.154.191.152 - - [19/Sep/2025:08:14:58 -0300] "POST /wp-admin/admin-ajax.php?action=as_async_request_queue_runner&nonce=f166a3c909 HTTP/1.1" 200 0 "-" "WordPress/6.8.2; https://audicore.com.br"
177.154.191.152 - - [19/Sep/2025:08:16:40 -0300] "POST /wp-cron.php?doing_wp_cron=1758280600.3754830360412597656250 HTTP/1.1" 200 0 "-" "WordPress/6.8.2; https://audicore.com.br"
177.154.191.152 - - [19/Sep/2025:08:16:42 -0300] "GET / HTTP/1.1" 200 21516 "-" "WP Rocket/Preload Mozilla/5.0 (iPhone; CPU iPhone OS 9_1 like Mac OS X) AppleWebKit/601.1.46 (KHTML, like Gecko) Version/9.0 Mobile/13B143 Safari/601.1"
177.154.191.152 - - [19/Sep/2025:08:16:59 -0300] "POST /wp-cron.php?doing_wp_cron=1758280619.0203769207000732421875 HTTP/1.1" 200 0 "-" "WordPress/6.8.2; https://audicore.com.br"
177.154.191.152 - - [19/Sep/2025:08:17:29 -0300] "POST /wp-cron.php?doing_wp_cron=1758280649.5923109054565429687500 HTTP/1.1" 200 0 "-" "WordPress/6.8.2; https://audicore.com.br"
177.154.191.152 - - [19/Sep/2025:09:15:55 -0300] "GET /sample-page/ HTTP/1.1" 200 10373 "-" "WP Rocket/Preload"
177.154.191.152 - - [19/Sep/2025:09:15:56 -0300] "GET /sample-page/ HTTP/1.1" 200 10376 "-" "WP Rocket/Preload Mozilla/5.0 (iPhone; CPU iPhone OS 9_1 like Mac OS X) AppleWebKit/601.1.46 (KHTML, like Gecko) Version/9.0 Mobile/13B143 Safari/601.1"
177.154.191.152 - - [19/Sep/2025:09:15:58 -0300] "GET /author/turbowp/ HTTP/1.1" 200 7719 "-" "WP Rocket/Preload Mozilla/5.0 (iPhone; CPU iPhone OS 9_1 like Mac OS X) AppleWebKit/601.1.46 (KHTML, like Gecko) Version/9.0 Mobile/13B143 Safari/601.1"
177.154.191.152 - - [19/Sep/2025:09:15:54 -0300] "POST /wp-cron.php?doing_wp_cron=1758284154.6528348922729492187500 HTTP/1.1" 200 0 "-" "WordPress/6.8.2; https://audicore.com.br"
177.154.191.152 - - [19/Sep/2025:09:15:57 -0300] "GET /author/turbowp/ HTTP/1.1" 200 7721 "-" "WP Rocket/Preload"
177.154.191.152 - - [19/Sep/2025:09:23:33 -0300] "POST /wp-cron.php?doing_wp_cron=1758284613.6037960052490234375000 HTTP/1.1" 200 0 "-" "WordPress/6.8.2; https://audicore.com.br"
54.162.231.118 - - [19/Sep/2025:09:23:32 -0300] "GET / HTTP/1.1" 200 21471 "-" "LG-LX550 AU-MIC-LX550/2.0 MMP/2.0 Profile/MIDP-2.0 Configuration/CLDC-1.1"
2a06:98c0:3600::103 - - [19/Sep/2025:09:15:53 -0300] "HEAD / HTTP/2" 200 0 "-" "-"
177.154.191.152 - - [19/Sep/2025:09:15:59 -0300] "GET /sitemap_index.xml HTTP/1.1" 200 322 "-" "WordPress/6.8.2; https://audicore.com.br"
189.125.159.242 - - [19/Sep/2025:11:35:18 -0300] "GET / HTTP/2" 200 20909 "-" "Mozilla/5.0 (Windows NT 10.0; Win64; x64) AppleWebKit/537.36 (KHTML, like Gecko) Chrome/140.0.0.0 Safari/537.36"
189.125.159.242 - - [19/Sep/2025:11:35:21 -0300] "GET /wp-content/plugins/elementor/assets/css/conditionals/apple-webkit.min.css?ver=3.31.3 HTTP/2" 200 468 "https://audicore.com.br/" "Mozilla/5.0 (Windows NT 10.0; Win64; x64) AppleWebKit/537.36 (KHTML, like Gecko) Chrome/140.0.0.0 Safari/537.36"
189.125.159.242 - - [19/Sep/2025:11:35:21 -0300] "GET /wp-content/plugins/elementor-pro/assets/css/widget-form.min.css?ver=3.31.2 HTTP/2" 200 1408 "https://audicore.com.br/" "Mozilla/5.0 (Windows NT 10.0; Win64; x64) AppleWebKit/537.36 (KHTML, like Gecko) Chrome/140.0.0.0 Safari/537.36"
189.125.159.242 - - [19/Sep/2025:11:35:21 -0300] "GET /wp-content/plugins/elementor/assets/css/widget-social-icons.min.css?ver=3.31.3 HTTP/2" 200 1066 "https://audicore.com.br/" "Mozilla/5.0 (Windows NT 10.0; Win64; x64) AppleWebKit/537.36 (KHTML, like Gecko) Chrome/140.0.0.0 Safari/537.36"
189.125.159.242 - - [19/Sep/2025:11:35:21 -0300] "GET /wp-content/plugins/elementor/assets/css/widget-image.min.css?ver=3.31.3 HTTP/2" 200 120 "https://audicore.com.br/" "Mozilla/5.0 (Windows NT 10.0; Win64; x64) AppleWebKit/537.36 (KHTML, like Gecko) Chrome/140.0.0.0 Safari/537.36"
189.125.159.242 - - [19/Sep/2025:11:35:21 -0300] "GET /wp-content/plugins/elementor-pro/assets/css/widget-nav-menu.min.css?ver=3.31.2 HTTP/2" 200 3201 "https://audicore.com.br/" "Mozilla/5.0 (Windows NT 10.0; Win64; x64) AppleWebKit/537.36 (KHTML, like Gecko) Chrome/140.0.0.0 Safari/537.36"
189.125.159.242 - - [19/Sep/2025:11:35:21 -0300] "GET /wp-content/plugins/elementor/assets/css/widget-heading.min.css?ver=3.31.3 HTTP/2" 200 154 "https://audicore.com.br/" "Mozilla/5.0 (Windows NT 10.0; Win64; x64) AppleWebKit/537.36 (KHTML, like Gecko) Chrome/140.0.0.0 Safari/537.36"
189.125.159.242 - - [19/Sep/2025:11:35:21 -0300] "GET /wp-content/plugins/elementor/assets/css/widget-icon-box.min.css?ver=3.31.3 HTTP/2" 200 388 "https://audicore.com.br/" "Mozilla/5.0 (Windows NT 10.0; Win64; x64) AppleWebKit/537.36 (KHTML, like Gecko) Chrome/140.0.0.0 Safari/537.36"
189.125.159.242 - - [19/Sep/2025:11:35:21 -0300] "GET /wp-content/plugins/elementor/assets/css/widget-counter.min.css?ver=3.31.3 HTTP/2" 200 234 "https://audicore.com.br/" "Mozilla/5.0 (Windows NT 10.0; Win64; x64) AppleWebKit/537.36 (KHTML, like Gecko) Chrome/140.0.0.0 Safari/537.36"
189.125.159.242 - - [19/Sep/2025:11:35:21 -0300] "GET /wp-content/plugins/elementor/assets/css/widget-icon-list.min.css?ver=3.31.3 HTTP/2" 200 956 "https://audicore.com.br/" "Mozilla/5.0 (Windows NT 10.0; Win64; x64) AppleWebKit/537.36 (KHTML, like Gecko) Chrome/140.0.0.0 Safari/537.36"
189.125.159.242 - - [19/Sep/2025:11:35:21 -0300] "GET /wp-content/plugins/elementor-pro/assets/css/widget-price-table.min.css?ver=3.31.2 HTTP/2" 200 680 "https://audicore.com.br/" "Mozilla/5.0 (Windows NT 10.0; Win64; x64) AppleWebKit/537.36 (KHTML, like Gecko) Chrome/140.0.0.0 Safari/537.36"
189.125.159.242 - - [19/Sep/2025:11:35:21 -0300] "GET /wp-content/plugins/elementor-pro/assets/css/conditionals/ribbon.min.css?ver=3.31.2 HTTP/2" 200 253 "https://audicore.com.br/" "Mozilla/5.0 (Windows NT 10.0; Win64; x64) AppleWebKit/537.36 (KHTML, like Gecko) Chrome/140.0.0.0 Safari/537.36"
189.125.159.242 - - [19/Sep/2025:11:35:21 -0300] "GET /wp-content/plugins/elementor/assets/css/widget-accordion.min.css?ver=3.31.3 HTTP/2" 200 377 "https://audicore.com.br/" "Mozilla/5.0 (Windows NT 10.0; Win64; x64) AppleWebKit/537.36 (KHTML, like Gecko) Chrome/140.0.0.0 Safari/537.36"
189.125.159.242 - - [19/Sep/2025:11:35:21 -0300] "GET /wp-content/cache/min/1/wp-content/themes/hello-elementor/assets/css/reset.css?ver=1758280499 HTTP/2" 200 1572 "https://audicore.com.br/" "Mozilla/5.0 (Windows NT 10.0; Win64; x64) AppleWebKit/537.36 (KHTML, like Gecko) Chrome/140.0.0.0 Safari/537.36"
189.125.159.242 - - [19/Sep/2025:11:35:21 -0300] "GET /wp-content/cache/min/1/wp-content/themes/hello-elementor/assets/css/theme.css?ver=1758280499 HTTP/2" 200 1124 "https://audicore.com.br/" "Mozilla/5.0 (Windows NT 10.0; Win64; x64) AppleWebKit/537.36 (KHTML, like Gecko) Chrome/140.0.0.0 Safari/537.36"
189.125.159.242 - - [19/Sep/2025:11:35:21 -0300] "GET /wp-content/cache/min/1/wp-content/themes/hello-elementor/assets/css/header-footer.css?ver=1758280499 HTTP/2" 200 1256 "https://audicore.com.br/" "Mozilla/5.0 (Windows NT 10.0; Win64; x64) AppleWebKit/537.36 (KHTML, like Gecko) Chrome/140.0.0.0 Safari/537.36"
189.125.159.242 - - [19/Sep/2025:11:35:21 -0300] "GET /wp-content/uploads/elementor/css/post-6.css?ver=1758280499 HTTP/2" 200 419 "https://audicore.com.br/" "Mozilla/5.0 (Windows NT 10.0; Win64; x64) AppleWebKit/537.36 (KHTML, like Gecko) Chrome/140.0.0.0 Safari/537.36"
189.125.159.242 - - [19/Sep/2025:11:35:21 -0300] "GET /wp-content/plugins/elementor/assets/css/frontend.min.css?ver=3.31.3 HTTP/2" 200 6455 "https://audicore.com.br/" "Mozilla/5.0 (Windows NT 10.0; Win64; x64) AppleWebKit/537.36 (KHTML, like Gecko) Chrome/140.0.0.0 Safari/537.36"
189.125.159.242 - - [19/Sep/2025:11:35:21 -0300] "GET /wp-includes/js/jquery/jquery.min.js?ver=3.7.1 HTTP/2" 200 29531 "https://audicore.com.br/" "Mozilla/5.0 (Windows NT 10.0; Win64; x64) AppleWebKit/537.36 (KHTML, like Gecko) Chrome/140.0.0.0 Safari/537.36"
189.125.159.242 - - [19/Sep/2025:11:35:21 -0300] "GET /wp-includes/js/jquery/jquery-migrate.min.js?ver=3.4.1 HTTP/2" 200 4671 "https://audicore.com.br/" "Mozilla/5.0 (Windows NT 10.0; Win64; x64) AppleWebKit/537.36 (KHTML, like Gecko) Chrome/140.0.0.0 Safari/537.36"
189.125.159.242 - - [19/Sep/2025:11:35:21 -0300] "GET /wp-content/cache/min/1/wp-content/themes/hello-elementor/assets/js/hello-frontend.js?ver=1758280111 HTTP/2" 200 495 "https://audicore.com.br/" "Mozilla/5.0 (Windows NT 10.0; Win64; x64) AppleWebKit/537.36 (KHTML, like Gecko) Chrome/140.0.0.0 Safari/537.36"
189.125.159.242 - - [19/Sep/2025:11:35:21 -0300] "GET /wp-content/uploads/elementor/css/post-9.css?ver=1758280654 HTTP/2" 200 6456 "https://audicore.com.br/" "Mozilla/5.0 (Windows NT 10.0; Win64; x64) AppleWebKit/537.36 (KHTML, like Gecko) Chrome/140.0.0.0 Safari/537.36"
189.125.159.242 - - [19/Sep/2025:11:35:21 -0300] "GET /wp-content/cache/min/1/wp-content/uploads/elementor/google-fonts/css/roboto.css?ver=1758280499 HTTP/2" 200 1739 "https://audicore.com.br/" "Mozilla/5.0 (Windows NT 10.0; Win64; x64) AppleWebKit/537.36 (KHTML, like Gecko) Chrome/140.0.0.0 Safari/537.36"
189.125.159.242 - - [19/Sep/2025:11:35:21 -0300] "GET /wp-content/cache/min/1/wp-content/uploads/elementor/google-fonts/css/robotoslab.css?ver=1758280499 HTTP/2" 200 650 "https://audicore.com.br/" "Mozilla/5.0 (Windows NT 10.0; Win64; x64) AppleWebKit/537.36 (KHTML, like Gecko) Chrome/140.0.0.0 Safari/537.36"
189.125.159.242 - - [19/Sep/2025:11:35:21 -0300] "GET /wp-content/cache/min/1/wp-content/uploads/elementor/google-fonts/css/inter.css?ver=1758280601 HTTP/2" 200 826 "https://audicore.com.br/" "Mozilla/5.0 (Windows NT 10.0; Win64; x64) AppleWebKit/537.36 (KHTML, like Gecko) Chrome/140.0.0.0 Safari/537.36"
189.125.159.242 - - [19/Sep/2025:11:35:21 -0300] "GET /wp-content/uploads/2025/08/CAPA-SITE.png HTTP/2" 200 36784 "https://audicore.com.br/" "Mozilla/5.0 (Windows NT 10.0; Win64; x64) AppleWebKit/537.36 (KHTML, like Gecko) Chrome/140.0.0.0 Safari/537.36"
189.125.159.242 - - [19/Sep/2025:11:35:21 -0300] "GET /wp-content/uploads/2025/08/agencia-1.jpg HTTP/2" 200 53285 "https://audicore.com.br/" "Mozilla/5.0 (Windows NT 10.0; Win64; x64) AppleWebKit/537.36 (KHTML, like Gecko) Chrome/140.0.0.0 Safari/537.36"
189.125.159.242 - - [19/Sep/2025:11:35:21 -0300] "GET /wp-content/plugins/elementor/assets/js/webpack.runtime.min.js?ver=3.31.3 HTTP/2" 200 2312 "https://audicore.com.br/" "Mozilla/5.0 (Windows NT 10.0; Win64; x64) AppleWebKit/537.36 (KHTML, like Gecko) Chrome/140.0.0.0 Safari/537.36"
189.125.159.242 - - [19/Sep/2025:11:35:21 -0300] "GET /wp-content/plugins/elementor/assets/js/frontend-modules.min.js?ver=3.31.3 HTTP/2" 200 14755 "https://audicore.com.br/" "Mozilla/5.0 (Windows NT 10.0; Win64; x64) AppleWebKit/537.36 (KHTML, like Gecko) Chrome/140.0.0.0 Safari/537.36"
189.125.159.242 - - [19/Sep/2025:11:35:21 -0300] "GET /wp-includes/js/jquery/ui/core.min.js?ver=1.13.3 HTTP/2" 200 6784 "https://audicore.com.br/" "Mozilla/5.0 (Windows NT 10.0; Win64; x64) AppleWebKit/537.36 (KHTML, like Gecko) Chrome/140.0.0.0 Safari/537.36"
189.125.159.242 - - [19/Sep/2025:11:35:21 -0300] "GET /wp-content/plugins/elementor/assets/js/frontend.min.js?ver=3.31.3 HTTP/2" 200 10352 "https://audicore.com.br/" "Mozilla/5.0 (Windows NT 10.0; Win64; x64) AppleWebKit/537.36 (KHTML, like Gecko) Chrome/140.0.0.0 Safari/537.36"
189.125.159.242 - - [19/Sep/2025:11:35:21 -0300] "GET /wp-content/plugins/elementor-pro/assets/lib/smartmenus/jquery.smartmenus.min.js?ver=1.2.1 HTTP/2" 200 6790 "https://audicore.com.br/" "Mozilla/5.0 (Windows NT 10.0; Win64; x64) AppleWebKit/537.36 (KHTML, like Gecko) Chrome/140.0.0.0 Safari/537.36"
189.125.159.242 - - [19/Sep/2025:11:35:21 -0300] "GET /wp-content/plugins/elementor/assets/lib/jquery-numerator/jquery-numerator.min.js?ver=0.2.1 HTTP/2" 200 677 "https://audicore.com.br/" "Mozilla/5.0 (Windows NT 10.0; Win64; x64) AppleWebKit/537.36 (KHTML, like Gecko) Chrome/140.0.0.0 Safari/537.36"
189.125.159.242 - - [19/Sep/2025:11:35:21 -0300] "GET /wp-content/plugins/elementor-pro/assets/js/webpack-pro.runtime.min.js?ver=3.31.2 HTTP/2" 200 2626 "https://audicore.com.br/" "Mozilla/5.0 (Windows NT 10.0; Win64; x64) AppleWebKit/537.36 (KHTML, like Gecko) Chrome/140.0.0.0 Safari/537.36"
189.125.159.242 - - [19/Sep/2025:11:35:21 -0300] "GET /wp-includes/js/dist/hooks.min.js?ver=4d63a3d491d11ffd8ac6 HTTP/2" 200 1571 "https://audicore.com.br/" "Mozilla/5.0 (Windows NT 10.0; Win64; x64) AppleWebKit/537.36 (KHTML, like Gecko) Chrome/140.0.0.0 Safari/537.36"
189.125.159.242 - - [19/Sep/2025:11:35:21 -0300] "GET /wp-includes/js/dist/i18n.min.js?ver=5e580eb46a90c2b997e6 HTTP/2" 200 3541 "https://audicore.com.br/" "Mozilla/5.0 (Windows NT 10.0; Win64; x64) AppleWebKit/537.36 (KHTML, like Gecko) Chrome/140.0.0.0 Safari/537.36"
189.125.159.242 - - [19/Sep/2025:11:35:21 -0300] "GET /wp-content/plugins/elementor-pro/assets/js/frontend.min.js?ver=3.31.2 HTTP/2" 200 6248 "https://audicore.com.br/" "Mozilla/5.0 (Windows NT 10.0; Win64; x64) AppleWebKit/537.36 (KHTML, like Gecko) Chrome/140.0.0.0 Safari/537.36"
189.125.159.242 - - [19/Sep/2025:11:35:21 -0300] "GET /wp-content/plugins/elementor-pro/assets/js/elements-handlers.min.js?ver=3.31.2 HTTP/2" 200 10117 "https://audicore.com.br/" "Mozilla/5.0 (Windows NT 10.0; Win64; x64) AppleWebKit/537.36 (KHTML, like Gecko) Chrome/140.0.0.0 Safari/537.36"
189.125.159.242 - - [19/Sep/2025:11:35:21 -0300] "GET /wp-content/plugins/turbo-cache/assets/js/wpr-beacon.min.js HTTP/2" 200 3525 "https://audicore.com.br/" "Mozilla/5.0 (Windows NT 10.0; Win64; x64) AppleWebKit/537.36 (KHTML, like Gecko) Chrome/140.0.0.0 Safari/537.36"
189.125.159.242 - - [19/Sep/2025:11:35:22 -0300] "GET /wp-content/uploads/elementor/thumbs/3-e1756652130811-rb2migi5i3ggkcznyjuvyytedjdrwmmkfvg8e8bg2o.png HTTP/2" 200 5329 "https://audicore.com.br/" "Mozilla/5.0 (Windows NT 10.0; Win64; x64) AppleWebKit/537.36 (KHTML, like Gecko) Chrome/140.0.0.0 Safari/537.36"
189.125.159.242 - - [19/Sep/2025:11:35:22 -0300] "GET /wp-content/uploads/elementor/thumbs/POST01MELHOR-3-rb2pqym30kjzsy8e13lz0cyvvy622jwx9rmci6w6tk.png HTTP/2" 200 203263 "https://audicore.com.br/" "Mozilla/5.0 (Windows NT 10.0; Win64; x64) AppleWebKit/537.36 (KHTML, like Gecko) Chrome/140.0.0.0 Safari/537.36"
189.125.159.242 - - [19/Sep/2025:11:35:21 -0300] "GET /wp-content/uploads/elementor/google-fonts/fonts/inter-e9bdaa9d.woff2 HTTP/2" 200 48256 "https://audicore.com.br/wp-content/cache/min/1/wp-content/uploads/elementor/google-fonts/css/inter.css?ver=1758280601" "Mozilla/5.0 (Windows NT 10.0; Win64; x64) AppleWebKit/537.36 (KHTML, like Gecko) Chrome/140.0.0.0 Safari/537.36"
189.125.159.242 - - [19/Sep/2025:11:35:22 -0300] "GET /wp-content/uploads/elementor/google-fonts/fonts/roboto-fb5169d9.woff2 HTTP/2" 200 40128 "https://audicore.com.br/wp-content/cache/min/1/wp-content/uploads/elementor/google-fonts/css/roboto.css?ver=1758280499" "Mozilla/5.0 (Windows NT 10.0; Win64; x64) AppleWebKit/537.36 (KHTML, like Gecko) Chrome/140.0.0.0 Safari/537.36"
189.125.159.242 - - [19/Sep/2025:11:35:22 -0300] "GET /wp-content/plugins/elementor/assets/js/shared-frontend-handlers.4c8abccc3e268b0767b2.bundle.min.js HTTP/2" 200 2527 "https://audicore.com.br/" "Mozilla/5.0 (Windows NT 10.0; Win64; x64) AppleWebKit/537.36 (KHTML, like Gecko) Chrome/140.0.0.0 Safari/537.36"
